../Core/Src/motor_controller.c:122:6:MotorController_reset	0	static
../Core/Src/motor_controller.c:130:6:MotorController_setMode	16	static
../Core/Src/motor_controller.c:207:6:MotorController_setFluxAngle	24	static
../Core/Src/motor_controller.c:218:19:MotorController_loadConfig	8	static
../Core/Src/motor_controller.c:28:6:MotorController_init	96	static
../Core/Src/motor_controller.c:289:19:MotorController_storeConfig	56	static
../Core/Src/motor_controller.c:326:6:MotorController_update	32	static
../Core/Src/motor_controller.c:434:6:MotorController_runCalibrationSequence	16576	static
../Core/Src/motor_controller.c:427:6:MotorController_updateService	0	static
../Core/Src/motor_controller.c:686:6:MotorController_handleNMT	0	static
../Core/Src/motor_controller.c:702:6:MotorController_handleSDO	0	static
../Core/Src/motor_controller.c:600:6:MotorController_handleCANMessage	24	static
