../Core/Src/stm32g4xx_hal_msp.c:65:6:HAL_MspInit	8	static
../Core/Src/stm32g4xx_hal_msp.c:94:6:HAL_ADC_MspInit	112	static
../Core/Src/stm32g4xx_hal_msp.c:173:6:HAL_ADC_MspDeInit	8	static
../Core/Src/stm32g4xx_hal_msp.c:222:6:HAL_FDCAN_MspInit	120	static
../Core/Src/stm32g4xx_hal_msp.c:283:6:HAL_FDCAN_MspDeInit	8	static
../Core/Src/stm32g4xx_hal_msp.c:317:6:HAL_I2C_MspInit	104	static
../Core/Src/stm32g4xx_hal_msp.c:367:6:HAL_I2C_MspDeInit	8	static
../Core/Src/stm32g4xx_hal_msp.c:400:6:HAL_OPAMP_MspInit	48	static
../Core/Src/stm32g4xx_hal_msp.c:472:6:HAL_OPAMP_MspDeInit	0	static
../Core/Src/stm32g4xx_hal_msp.c:531:6:HAL_TIM_Base_MspInit	32	static
../Core/Src/stm32g4xx_hal_msp.c:609:6:HAL_TIM_Encoder_MspInit	56	static
../Core/Src/stm32g4xx_hal_msp.c:657:6:HAL_TIM_MspPostInit	56	static
../Core/Src/stm32g4xx_hal_msp.c:730:6:HAL_TIM_Base_MspDeInit	0	static
../Core/Src/stm32g4xx_hal_msp.c:808:6:HAL_TIM_Encoder_MspDeInit	8	static
../Core/Src/stm32g4xx_hal_msp.c:842:6:HAL_UART_MspInit	120	static
../Core/Src/stm32g4xx_hal_msp.c:898:6:HAL_UART_MspDeInit	8	static
